[www.trustedshops.de/bewertung/info_XF83EE0CD9C4D551755AF32C24FA60B5A.html]
[backblue.gif]
[fade.gif]
[index.html]
[www.trustedshops.de/bewertung/info_XF83EE0CD9C4D551755AF32C24FA60B5A4658.html]
[www.trustedshops.de/shoplogo/Ankermann-Computer_5615.jpg]
[www.trustedshops.de/bewertung/info_XF83EE0CD9C4D551755AF32C24FA60B5A1994.html]
[www.trustedshops.de/bewertung/info_XF83EE0CD9C4D551755AF32C24FA60B5A731d.html]
[www.trustedshops.de/bewertung/info_XF83EE0CD9C4D551755AF32C24FA60B5A4907.html]
[www.trustedshops.de/bewertung/info_XF83EE0CD9C4D551755AF32C24FA60B5A9985.html]
[www.trustedshops.de/bewertung/info_XF83EE0CD9C4D551755AF32C24FA60B5A3dc1.html]
[www.trustedshops.de/bewertung/info_XF83EE0CD9C4D551755AF32C24FA60B5A9ba9.html]
[www.trustedshops.de/bewertung/info_XF83EE0CD9C4D551755AF32C24FA60B5Afdb0.html]
[www.trustedshops.de/bewertung/info_XF83EE0CD9C4D551755AF32C24FA60B5Aaf4d.html]
[www.trustedshops.de/bewertung/info_XF83EE0CD9C4D551755AF32C24FA60B5Ac575.html]
[www.trustedshops.de/bewertung/info_XF83EE0CD9C4D551755AF32C24FA60B5A235c.html]
[www.trustedshops.de/bewertung/info_XF83EE0CD9C4D551755AF32C24FA60B5A3963.html]
[profiles.trustedshops.com/browser/assets/images/shop-profiles/controls/certificate-info/trustmark.png]
[profiles.trustedshops.com/browser/runtime.ae5b0fb7334c0b461377.js]
[profiles.trustedshops.com/browser/polyfills-es5.63e76cd282e7ee2b0642.js]
[profiles.trustedshops.com/browser/polyfills.4e0be5f2d07dd55c18f3.js]
[profiles.trustedshops.com/browser/scripts.c9e747a042c3a339ab09.js]
[profiles.trustedshops.com/browser/main.5104a7439cb3c3f9b9c8.js]
[www.trustedshops.de/bewertung/info_XF83EE0CD9C4D551755AF32C24FA60B5A.html]
[www.trustedshops.de/bewertung/info_XF83EE0CD9C4D551755AF32C24FA60B5A4658.html]
[www.trustedshops.de/bewertung/info_XF83EE0CD9C4D551755AF32C24FA60B5Afdfa.html]
[www.trustedshops.de/shoplogo/Ankermann-Computer_5615.jpg]
[www.trustedshops.de/bewertung/info_XF83EE0CD9C4D551755AF32C24FA60B5A2e7c.html]
[www.trustedshops.de/bewertung/info_XF83EE0CD9C4D551755AF32C24FA60B5Abc2c.html]
[www.trustedshops.de/bewertung/info_XF83EE0CD9C4D551755AF32C24FA60B5A7cdf.html]
[www.trustedshops.de/bewertung/info_XF83EE0CD9C4D551755AF32C24FA60B5A072a.html]
[www.trustedshops.de/bewertung/info_XF83EE0CD9C4D551755AF32C24FA60B5A37bc.html]
[www.trustedshops.de/bewertung/info_XF83EE0CD9C4D551755AF32C24FA60B5A93a7.html]
[www.trustedshops.de/bewertung/info_XF83EE0CD9C4D551755AF32C24FA60B5A1994.html]
[www.trustedshops.de/bewertung/info_XF83EE0CD9C4D551755AF32C24FA60B5Ad214.html]
[www.trustedshops.de/bewertung/info_XF83EE0CD9C4D551755AF32C24FA60B5A7152.html]
[www.trustedshops.de/bewertung/info_XF83EE0CD9C4D551755AF32C24FA60B5A6dbd.html]
[www.trustedshops.de/bewertung/info_XF83EE0CD9C4D551755AF32C24FA60B5Abbc8.html]
[www.trustedshops.de/bewertung/info_XF83EE0CD9C4D551755AF32C24FA60B5A731d.html]
[www.trustedshops.de/bewertung/info_XF83EE0CD9C4D551755AF32C24FA60B5A18d2.html]
[www.trustedshops.de/bewertung/info_XF83EE0CD9C4D551755AF32C24FA60B5A4907.html]
[www.trustedshops.de/bewertung/info_XF83EE0CD9C4D551755AF32C24FA60B5Ad2cf.html]
[www.trustedshops.de/bewertung/info_XF83EE0CD9C4D551755AF32C24FA60B5A9985.html]
[www.trustedshops.de/bewertung/info_XF83EE0CD9C4D551755AF32C24FA60B5Adebe.html]
[www.trustedshops.de/bewertung/info_XF83EE0CD9C4D551755AF32C24FA60B5A3dc1.html]
[www.trustedshops.de/bewertung/info_XF83EE0CD9C4D551755AF32C24FA60B5Ac9f0.html]
[www.trustedshops.de/bewertung/info_XF83EE0CD9C4D551755AF32C24FA60B5A9ba9.html]
[www.trustedshops.de/bewertung/info_XF83EE0CD9C4D551755AF32C24FA60B5A0b08.html]
[www.trustedshops.de/bewertung/info_XF83EE0CD9C4D551755AF32C24FA60B5Afdb0.html]
[www.trustedshops.de/bewertung/info_XF83EE0CD9C4D551755AF32C24FA60B5A1448.html]
[www.trustedshops.de/bewertung/info_XF83EE0CD9C4D551755AF32C24FA60B5Aaf4d.html]
[www.trustedshops.de/bewertung/info_XF83EE0CD9C4D551755AF32C24FA60B5A1c8b.html]
[www.trustedshops.de/bewertung/info_XF83EE0CD9C4D551755AF32C24FA60B5Ac575.html]
[www.trustedshops.de/bewertung/info_XF83EE0CD9C4D551755AF32C24FA60B5Ace37.html]
[www.trustedshops.de/bewertung/info_XF83EE0CD9C4D551755AF32C24FA60B5A235c.html]
[www.trustedshops.de/bewertung/info_XF83EE0CD9C4D551755AF32C24FA60B5A8c93.html]
[www.trustedshops.de/bewertung/info_XF83EE0CD9C4D551755AF32C24FA60B5A6c2f.html]
[www.trustedshops.de/bewertung/info_XF83EE0CD9C4D551755AF32C24FA60B5Af497.html]
[www.trustedshops.de/bewertung/info_XF83EE0CD9C4D551755AF32C24FA60B5A763c.html]
[www.trustedshops.de/bewertung/info_XF83EE0CD9C4D551755AF32C24FA60B5A8b08.html]
[www.trustedshops.de/bewertung/info_XF83EE0CD9C4D551755AF32C24FA60B5A3963.html]
[www.trustedshops.de/bewertung/info_XF83EE0CD9C4D551755AF32C24FA60B5Ace8a.html]
[www.trustedshops.de/bewertung/info_XF83EE0CD9C4D551755AF32C24FA60B5Afdfa.html]
[www.trustedshops.de/bewertung/info_XF83EE0CD9C4D551755AF32C24FA60B5Aa7f1.html]
[www.trustedshops.de/shoplogo/Ankermann-Computer_5615.jpg]
[www.trustedshops.de/bewertung/info_XF83EE0CD9C4D551755AF32C24FA60B5A2e7c.html]
[www.trustedshops.de/bewertung/info_XF83EE0CD9C4D551755AF32C24FA60B5Af1c4.html]
[www.trustedshops.de/bewertung/info_XF83EE0CD9C4D551755AF32C24FA60B5Abc2c.html]
[www.trustedshops.de/bewertung/info_XF83EE0CD9C4D551755AF32C24FA60B5A6874.html]
[www.trustedshops.de/bewertung/info_XF83EE0CD9C4D551755AF32C24FA60B5A7cdf.html]
[www.trustedshops.de/bewertung/info_XF83EE0CD9C4D551755AF32C24FA60B5Af219.html]
[www.trustedshops.de/bewertung/info_XF83EE0CD9C4D551755AF32C24FA60B5A072a.html]
[www.trustedshops.de/bewertung/info_XF83EE0CD9C4D551755AF32C24FA60B5A3a01.html]
[www.trustedshops.de/bewertung/info_XF83EE0CD9C4D551755AF32C24FA60B5A37bc.html]
[www.trustedshops.de/bewertung/info_XF83EE0CD9C4D551755AF32C24FA60B5A7148.html]
[www.trustedshops.de/bewertung/info_XF83EE0CD9C4D551755AF32C24FA60B5A93a7.html]
[www.trustedshops.de/bewertung/info_XF83EE0CD9C4D551755AF32C24FA60B5A7bcf.html]
[www.trustedshops.de/bewertung/info_XF83EE0CD9C4D551755AF32C24FA60B5Aac1a.html]
[www.trustedshops.de/bewertung/info_XF83EE0CD9C4D551755AF32C24FA60B5A037a.html]
[www.trustedshops.de/bewertung/info_XF83EE0CD9C4D551755AF32C24FA60B5A9358.html]
[www.trustedshops.de/bewertung/info_XF83EE0CD9C4D551755AF32C24FA60B5A8957.html]
[www.trustedshops.de/bewertung/info_XF83EE0CD9C4D551755AF32C24FA60B5A2d61.html]
[www.trustedshops.de/bewertung/info_XF83EE0CD9C4D551755AF32C24FA60B5Ad214.html]
[www.trustedshops.de/bewertung/info_XF83EE0CD9C4D551755AF32C24FA60B5A7152.html]
[www.trustedshops.de/bewertung/info_XF83EE0CD9C4D551755AF32C24FA60B5A6dbd.html]
[www.trustedshops.de/bewertung/info_XF83EE0CD9C4D551755AF32C24FA60B5Abbc8.html]
[www.trustedshops.de/bewertung/info_XF83EE0CD9C4D551755AF32C24FA60B5A6fcf.html]
[www.trustedshops.de/bewertung/info_XF83EE0CD9C4D551755AF32C24FA60B5A18d2.html]
[www.trustedshops.de/bewertung/info_XF83EE0CD9C4D551755AF32C24FA60B5A5574.html]
[www.trustedshops.de/bewertung/info_XF83EE0CD9C4D551755AF32C24FA60B5Ad2cf.html]
[www.trustedshops.de/bewertung/info_XF83EE0CD9C4D551755AF32C24FA60B5A666d.html]
[www.trustedshops.de/bewertung/info_XF83EE0CD9C4D551755AF32C24FA60B5Adebe.html]
[www.trustedshops.de/bewertung/info_XF83EE0CD9C4D551755AF32C24FA60B5A4828.html]
[www.trustedshops.de/bewertung/info_XF83EE0CD9C4D551755AF32C24FA60B5Ac9f0.html]
[www.trustedshops.de/bewertung/info_XF83EE0CD9C4D551755AF32C24FA60B5A0ecb.html]
[www.trustedshops.de/bewertung/info_XF83EE0CD9C4D551755AF32C24FA60B5A0b08.html]
[www.trustedshops.de/bewertung/info_XF83EE0CD9C4D551755AF32C24FA60B5A5760.html]
[www.trustedshops.de/bewertung/info_XF83EE0CD9C4D551755AF32C24FA60B5A1448.html]
[www.trustedshops.de/bewertung/info_XF83EE0CD9C4D551755AF32C24FA60B5A42a7.html]
[www.trustedshops.de/bewertung/info_XF83EE0CD9C4D551755AF32C24FA60B5A1c8b.html]
[www.trustedshops.de/bewertung/info_XF83EE0CD9C4D551755AF32C24FA60B5A5c43.html]
[www.trustedshops.de/bewertung/info_XF83EE0CD9C4D551755AF32C24FA60B5Ace37.html]
[www.trustedshops.de/bewertung/info_XF83EE0CD9C4D551755AF32C24FA60B5A9683.html]
[www.trustedshops.de/bewertung/info_XF83EE0CD9C4D551755AF32C24FA60B5A8c93.html]
[www.trustedshops.de/bewertung/info_XF83EE0CD9C4D551755AF32C24FA60B5A7537.html]
[www.trustedshops.de/bewertung/info_XF83EE0CD9C4D551755AF32C24FA60B5A6c2f.html]
[www.trustedshops.de/bewertung/info_XF83EE0CD9C4D551755AF32C24FA60B5Af497.html]
[www.trustedshops.de/bewertung/info_XF83EE0CD9C4D551755AF32C24FA60B5A763c.html]
[www.trustedshops.de/bewertung/info_XF83EE0CD9C4D551755AF32C24FA60B5A8b08.html]
[www.trustedshops.de/bewertung/info_XF83EE0CD9C4D551755AF32C24FA60B5Ace8a.html]
[use.typekit.net/fyx2dhl.js]
[www.googletagmanager.com/gtm5445.js]
[www.trustedshops.de/bewertung/info_XF83EE0CD9C4D551755AF32C24FA60B5Aa7f1.html]
[www.trustedshops.de/bewertung/info_XF83EE0CD9C4D551755AF32C24FA60B5Af1c4.html]
[www.trustedshops.de/bewertung/info_XF83EE0CD9C4D551755AF32C24FA60B5A09f5.html]
[www.trustedshops.de/bewertung/info_XF83EE0CD9C4D551755AF32C24FA60B5A6874.html]
[www.trustedshops.de/bewertung/info_XF83EE0CD9C4D551755AF32C24FA60B5Af219.html]
[www.trustedshops.de/bewertung/info_XF83EE0CD9C4D551755AF32C24FA60B5A3a01.html]
[www.trustedshops.de/bewertung/info_XF83EE0CD9C4D551755AF32C24FA60B5A7148.html]
[www.trustedshops.de/bewertung/info_XF83EE0CD9C4D551755AF32C24FA60B5A7bcf.html]
[www.trustedshops.de/bewertung/info_XF83EE0CD9C4D551755AF32C24FA60B5Aac1a.html]
[www.trustedshops.de/bewertung/info_XF83EE0CD9C4D551755AF32C24FA60B5A037a.html]
[www.trustedshops.de/bewertung/info_XF83EE0CD9C4D551755AF32C24FA60B5A9358.html]
[www.trustedshops.de/bewertung/info_XF83EE0CD9C4D551755AF32C24FA60B5A8957.html]
[www.trustedshops.de/bewertung/info_XF83EE0CD9C4D551755AF32C24FA60B5A2d61.html]
[www.trustedshops.de/bewertung/info_XF83EE0CD9C4D551755AF32C24FA60B5A6fcf.html]
[www.trustedshops.de/bewertung/info_XF83EE0CD9C4D551755AF32C24FA60B5A5574.html]
[www.trustedshops.de/bewertung/info_XF83EE0CD9C4D551755AF32C24FA60B5A666d.html]
[www.trustedshops.de/bewertung/info_XF83EE0CD9C4D551755AF32C24FA60B5A4828.html]
[www.trustedshops.de/bewertung/info_XF83EE0CD9C4D551755AF32C24FA60B5A0ecb.html]
[www.trustedshops.de/bewertung/info_XF83EE0CD9C4D551755AF32C24FA60B5A5760.html]
[www.trustedshops.de/bewertung/info_XF83EE0CD9C4D551755AF32C24FA60B5A42a7.html]
[www.trustedshops.de/bewertung/info_XF83EE0CD9C4D551755AF32C24FA60B5A5c43.html]
[www.trustedshops.de/bewertung/info_XF83EE0CD9C4D551755AF32C24FA60B5A9683.html]
[www.trustedshops.de/bewertung/info_XF83EE0CD9C4D551755AF32C24FA60B5A7537.html]
[www.trustedshops.de/bewertung/info_XF83EE0CD9C4D551755AF32C24FA60B5A09f5.html]
